A51 MACRO ASSEMBLER  MAIN                                                                 03/27/2023 22:08:15 PAGE     1


MACRO ASSEMBLER A51 V8.2.7.0
OBJECT MODULE PLACED IN .\Objects\main.obj
ASSEMBLER INVOKED BY: C:\Keil_v5\C51\BIN\A51.EXE main.a51 SET(SMALL) DEBUG PRINT(.\Listings\main.lst) OBJECT(.\Objects\m
                      ain.obj) EP

LOC  OBJ            LINE     SOURCE

0000                   1     ORG 00H
0000                   2     MAIN:
0000 7880              3             MOV R0, #10000000B
0002 7C7F              4             MOV R4, #01111111B
0004 7906              5             MOV R1, #06H
0006 110E              6             CALL R_LOOP
0008 7907              7             MOV R1, #07H
000A 111E              8             CALL L_LOOP
000C 80F2              9             JMP MAIN
                      10     
000E                  11     R_LOOP:
000E 7DFA             12             MOV R5, #250
0010 8C90             13             MOV P1, R4
0012 112E             14             CALL DELAY
0014 E8               15             MOV A, R0
0015 03               16             RR A
0016 F8               17             MOV R0, A
0017 F4               18             CPL A
0018 FC               19             MOV R4, A
0019 E9               20             MOV A, R1
001A 19               21             DEC R1
001B 70F1             22             JNZ R_LOOP
001D 22               23             RET
                      24     
001E                  25     L_LOOP:
001E 7DFA             26             MOV R5, #250
0020 8C90             27             MOV P1, R4
0022 112E             28             CALL DELAY
0024 E8               29             MOV A, R0
0025 23               30             RL A
0026 F8               31             MOV R0, A
0027 F4               32             CPL A
0028 FC               33             MOV R4, A
0029 E9               34             MOV A, R1
002A 19               35             DEC R1
002B 70F1             36             JNZ L_LOOP
002D 22               37             RET
                      38     
002E                  39     DELAY:
002E 7BFF             40             MOV R3,#255
0030 DBFE             41             DJNZ R3,$
0032 7BFF             42             MOV R3,#255
0034 DBFE             43             DJNZ R3,$
0036 DDF6             44             DJNZ R5,DELAY
0038 22               45             RET
                      46             
                      47     END
A51 MACRO ASSEMBLER  MAIN                                                                 03/27/2023 22:08:15 PAGE     2

SYMBOL TABLE LISTING
------ ----- -------


N A M E             T Y P E  V A L U E   ATTRIBUTES

DELAY. . . . . . .  C ADDR   002EH   A   
L_LOOP . . . . . .  C ADDR   001EH   A   
MAIN . . . . . . .  C ADDR   0000H   A   
P1 . . . . . . . .  D ADDR   0090H   A   
R_LOOP . . . . . .  C ADDR   000EH   A   


REGISTER BANK(S) USED: 0 


ASSEMBLY COMPLETE.  0 WARNING(S), 0 ERROR(S)
